[2025-Jan-17 11:21:18.459 +05:30][ 5270: 5270][info ] Logging initialized
[2025-Jan-17 11:21:18.459 +05:30][ 5270: 5270][info ] Initializing krisp SDK...
[2025-Jan-17 11:21:18.459 +05:30][ 5270: 5270][info ] DoKrispInitialize
[2025-Jan-17 11:21:18.877 +05:30][ 5270: 5270][info ] LoadDynamicKrisp
[2025-Jan-17 11:21:18.877 +05:30][ 5270: 5270][info ] Did not find KRISP_DYLIB_PATH, skipping dynamic loading
[2025-Jan-17 11:21:18.877 +05:30][ 5270: 5270][info ] Initializing Krisp SDK in PID 5270, addr 0x7e9d96d906f0
[2025-Jan-17 11:21:19.141 +05:30][ 5270: 5270][info ] Initialized Krisp SDK successfully
[2025-Jan-17 11:21:19.141 +05:30][ 5270: 5270][info ] Krisp SDK initialized
[2025-Jan-23 11:36:36.013 +05:30][ 4654: 4654][info ] Logging initialized
[2025-Jan-23 11:36:36.013 +05:30][ 4654: 4654][info ] Initializing krisp SDK...
[2025-Jan-23 11:36:36.013 +05:30][ 4654: 4654][info ] DoKrispInitialize
[2025-Jan-23 11:36:36.411 +05:30][ 4654: 4654][info ] LoadDynamicKrisp
[2025-Jan-23 11:36:36.411 +05:30][ 4654: 4654][info ] Did not find KRISP_DYLIB_PATH, skipping dynamic loading
[2025-Jan-23 11:36:36.411 +05:30][ 4654: 4654][info ] Initializing Krisp SDK in PID 4654, addr 0x749a717906f0
[2025-Jan-23 11:36:36.711 +05:30][ 4654: 4654][info ] Initialized Krisp SDK successfully
[2025-Jan-23 11:36:36.711 +05:30][ 4654: 4654][info ] Krisp SDK initialized
[2025-Feb-01 10:21:03.594 +05:30][35378:35378][info ] Logging initialized
[2025-Feb-01 10:21:03.594 +05:30][35378:35378][info ] Initializing krisp SDK...
[2025-Feb-01 10:21:03.594 +05:30][35378:35378][info ] DoKrispInitialize
[2025-Feb-01 10:21:04.072 +05:30][35378:35378][info ] LoadDynamicKrisp
[2025-Feb-01 10:21:04.073 +05:30][35378:35378][info ] Did not find KRISP_DYLIB_PATH, skipping dynamic loading
[2025-Feb-01 10:21:04.073 +05:30][35378:35378][info ] Initializing Krisp SDK in PID 35378, addr 0x7d1ff41906f0
[2025-Feb-01 10:21:04.590 +05:30][35378:35378][info ] Initialized Krisp SDK successfully
[2025-Feb-01 10:21:04.590 +05:30][35378:35378][info ] Krisp SDK initialized
[2025-Feb-03 09:09:05.733 +05:30][ 2469: 2469][info ] Logging initialized
[2025-Feb-03 09:09:05.733 +05:30][ 2469: 2469][info ] Initializing krisp SDK...
[2025-Feb-03 09:09:05.733 +05:30][ 2469: 2469][info ] DoKrispInitialize
[2025-Feb-03 09:09:06.126 +05:30][ 2469: 2469][info ] LoadDynamicKrisp
[2025-Feb-03 09:09:06.126 +05:30][ 2469: 2469][info ] Did not find KRISP_DYLIB_PATH, skipping dynamic loading
[2025-Feb-03 09:09:06.126 +05:30][ 2469: 2469][info ] Initializing Krisp SDK in PID 2469, addr 0x74f3945906f0
[2025-Feb-03 09:09:06.477 +05:30][ 2469: 2469][info ] Initialized Krisp SDK successfully
[2025-Feb-03 09:09:06.477 +05:30][ 2469: 2469][info ] Krisp SDK initialized
[2025-Feb-04 09:22:21.334 +05:30][ 6475: 6475][info ] Logging initialized
[2025-Feb-04 09:22:21.334 +05:30][ 6475: 6475][info ] Initializing krisp SDK...
[2025-Feb-04 09:22:21.334 +05:30][ 6475: 6475][info ] DoKrispInitialize
[2025-Feb-04 09:22:21.759 +05:30][ 6475: 6475][info ] LoadDynamicKrisp
[2025-Feb-04 09:22:21.759 +05:30][ 6475: 6475][info ] Did not find KRISP_DYLIB_PATH, skipping dynamic loading
[2025-Feb-04 09:22:21.759 +05:30][ 6475: 6475][info ] Initializing Krisp SDK in PID 6475, addr 0x727da0f906f0
[2025-Feb-04 09:22:22.012 +05:30][ 6475: 6475][info ] Initialized Krisp SDK successfully
[2025-Feb-04 09:22:22.012 +05:30][ 6475: 6475][info ] Krisp SDK initialized
[2025-Feb-04 09:23:22.765 +05:30][ 7007: 7007][info ] Logging initialized
[2025-Feb-04 09:23:22.766 +05:30][ 7007: 7007][info ] Initializing krisp SDK...
[2025-Feb-04 09:23:22.766 +05:30][ 7007: 7007][info ] DoKrispInitialize
[2025-Feb-04 09:23:23.181 +05:30][ 7007: 7007][info ] LoadDynamicKrisp
[2025-Feb-04 09:23:23.181 +05:30][ 7007: 7007][info ] Did not find KRISP_DYLIB_PATH, skipping dynamic loading
[2025-Feb-04 09:23:23.181 +05:30][ 7007: 7007][info ] Initializing Krisp SDK in PID 7007, addr 0x76f8a2d906f0
[2025-Feb-04 09:23:23.518 +05:30][ 7007: 7007][info ] Initialized Krisp SDK successfully
[2025-Feb-04 09:23:23.518 +05:30][ 7007: 7007][info ] Krisp SDK initialized
[2025-Mar-16 16:27:12.505 +05:30][26577:26577][info ] Logging initialized
[2025-Mar-16 16:27:12.505 +05:30][26577:26577][info ] Initializing krisp SDK...
[2025-Mar-16 16:27:12.505 +05:30][26577:26577][info ] DoKrispInitialize
[2025-Mar-16 16:27:13.055 +05:30][26577:26577][info ] LoadDynamicKrisp
[2025-Mar-16 16:27:13.055 +05:30][26577:26577][info ] Did not find KRISP_DYLIB_PATH, skipping dynamic loading
[2025-Mar-16 16:27:13.055 +05:30][26577:26577][info ] Initializing Krisp SDK in PID 26577, addr 0x78f1e79908f0
[2025-Mar-16 16:27:13.366 +05:30][26577:26577][info ] Initialized Krisp SDK successfully
[2025-Mar-16 16:27:13.366 +05:30][26577:26577][info ] Krisp SDK initialized
